../Drivers/STM32U5xx_HAL_Driver/Inc/stm32u5xx_ll_bus.h:845:22:LL_AHB2_GRP1_EnableClock	24	static
../Drivers/STM32U5xx_HAL_Driver/Inc/stm32u5xx_ll_bus.h:1895:22:LL_APB1_GRP2_EnableClock	24	static
../Core/Src/main.c:169:13:WIFI_SPI_ApplySafeTiming	8	static
../Core/Src/main.c:184:13:WIFI_StatusCallback	16	static
../Core/Src/main.c:205:16:WIFI_IsIPv4Valid	16	static
../Core/Src/main.c:210:13:WIFI_LogStationEvent	24	static
../Core/Src/main.c:231:25:WIFI_WaitForStationIP	32	static
../Core/Src/main.c:272:13:WIFI_DelayWithYield	32	static
../Core/Src/main.c:298:13:SENSOR_BufferPush	24	static
../Core/Src/main.c:329:13:SENSOR_BufferDrop	24	static
../Core/Src/main.c:347:16:SENSOR_BuildBatchPayload	128	static
../Core/Src/main.c:408:17:COAP_BuildConfirmablePost	32	static
../Core/Src/main.c:450:16:COAP_IsAckValid	32	static
../Core/Src/main.c:489:13:NETWORK_ConfigureUdpSocket	40	static
../Core/Src/main.c:513:16:COAP_SendBufferedBatch	2400	static
../Core/Src/main.c:595:13:NETWORK_ProcessBufferedSamples	16	static
../Core/Src/main.c:629:5:main	168	static
../Core/Src/main.c:914:6:SystemClock_Config	128	static
../Core/Src/main.c:972:13:SystemPower_Config	8	static
../Core/Src/main.c:992:13:MX_ADF1_Init	8	static
../Core/Src/main.c:1046:13:MX_I2C1_Init	8	static
../Core/Src/main.c:1094:13:MX_I2C2_Init	8	static
../Core/Src/main.c:1142:13:MX_ICACHE_Init	8	static
../Core/Src/main.c:1174:13:MX_OCTOSPI1_Init	40	static
../Core/Src/main.c:1234:13:MX_OCTOSPI2_Init	40	static
../Core/Src/main.c:1294:13:MX_SPI2_Init	24	static
../Core/Src/main.c:1351:13:MX_UART4_Init	8	static
../Core/Src/main.c:1399:13:MX_USART1_UART_Init	8	static
../Core/Src/main.c:1447:13:MX_UCPD1_Init	32	static
../Core/Src/main.c:1489:13:MX_USB_OTG_FS_PCD_Init	8	static
../Core/Src/main.c:1525:13:MX_GPIO_Init	64	static
../Core/Src/main.c:1681:6:Error_Handler	4	static,ignoring_inline_asm
