/home/ggjinalaj/STM_Shuttles/PLUDOS_Edge_Node/Drivers/BSP/Components/mx_wifi/mx_wifi_bare_os.h:49:25:mx_buf_alloc	24	static
../Drivers/BSP/Components/mx_wifi/io_pattern/mx_wifi_spi.c:162:13:MX_WIFI_IO_DELAY	16	static
../Drivers/BSP/Components/mx_wifi/io_pattern/mx_wifi_spi.c:173:15:MX_WIFI_SPI_Init	24	static
../Drivers/BSP/Components/mx_wifi/io_pattern/mx_wifi_spi.c:195:15:MX_WIFI_SPI_DeInit	8	static
../Drivers/BSP/Components/mx_wifi/io_pattern/mx_wifi_spi.c:202:6:HAL_SPI_TransferCallback	16	static
../Drivers/BSP/Components/mx_wifi/io_pattern/mx_wifi_spi.c:209:6:HAL_SPI_ErrorCallback	16	static
../Drivers/BSP/Components/mx_wifi/io_pattern/mx_wifi_spi.c:223:6:mxchip_WIFI_ISR	16	static
../Drivers/BSP/Components/mx_wifi/io_pattern/mx_wifi_spi.c:238:15:wait_flow_high	24	static
../Drivers/BSP/Components/mx_wifi/io_pattern/mx_wifi_spi.c:257:17:MX_WIFI_SPI_Write	24	static
../Drivers/BSP/Components/mx_wifi/io_pattern/mx_wifi_spi.c:292:17:MX_WIFI_SPI_Read	16	static
../Drivers/BSP/Components/mx_wifi/io_pattern/mx_wifi_spi.c:300:26:TransmitReceive	40	static
../Drivers/BSP/Components/mx_wifi/io_pattern/mx_wifi_spi.c:328:26:Transmit	32	static
../Drivers/BSP/Components/mx_wifi/io_pattern/mx_wifi_spi.c:356:26:Receive	32	static
../Drivers/BSP/Components/mx_wifi/io_pattern/mx_wifi_spi.c:383:6:process_txrx_poll	64	static
../Drivers/BSP/Components/mx_wifi/io_pattern/mx_wifi_spi.c:598:15:mx_wifi_spi_txrx_start	16	static
../Drivers/BSP/Components/mx_wifi/io_pattern/mx_wifi_spi.c:624:15:mx_wifi_spi_txrx_stop	8	static
../Drivers/BSP/Components/mx_wifi/io_pattern/mx_wifi_spi.c:652:9:mxwifi_probe	32	static
../Drivers/BSP/Components/mx_wifi/io_pattern/mx_wifi_spi.c:674:18:wifi_obj_get	4	static
